// Jest Snapshot v1, https://goo.gl/fbAQLP

exports[`Should render components properly: render Add/Edit Dialog 1`] = `<DocumentFragment />`;

exports[`Should render components properly: render add button 1`] = `
<DocumentFragment>
  <button
    class="MuiButton-root makeStyles-contained-3 MuiButton-contained MuiButton-containedPrimary MuiButton-sizeMedium MuiButton-containedSizeMedium MuiButtonBase-root add-button css-1c5feuk-MuiButtonBase-root-MuiButton-root"
    tabindex="0"
    type="button"
  >
    + ADD MOVIE
    <span
      class="MuiTouchRipple-root css-8je8zh-MuiTouchRipple-root"
    />
  </button>
</DocumentFragment>
`;

exports[`Should render components properly: render filter bar 1`] = `
<DocumentFragment>
  <div
    class="MuiTabs-root css-1ujnqem-MuiTabs-root"
  >
    <div
      class="MuiTabs-scroller MuiTabs-fixed css-jpln7h-MuiTabs-scroller"
      style="overflow: hidden; margin-bottom: 0px;"
    >
      <div
        class="MuiTabs-flexContainer css-heg063-MuiTabs-flexContainer"
        role="tablist"
      >
        <button
          aria-selected="true"
          class="MuiButtonBase-root MuiTab-root MuiTab-textColorPrimary Mui-selected filter-tab css-1h9z7r5-MuiButtonBase-root-MuiTab-root"
          role="tab"
          tabindex="0"
          type="button"
        >
          all
        </button>
        <button
          aria-selected="false"
          class="MuiButtonBase-root MuiTab-root MuiTab-textColorPrimary filter-tab css-1h9z7r5-MuiButtonBase-root-MuiTab-root"
          role="tab"
          tabindex="-1"
          type="button"
        >
          documentary
        </button>
        <button
          aria-selected="false"
          class="MuiButtonBase-root MuiTab-root MuiTab-textColorPrimary filter-tab css-1h9z7r5-MuiButtonBase-root-MuiTab-root"
          role="tab"
          tabindex="-1"
          type="button"
        >
          comedy
        </button>
        <button
          aria-selected="false"
          class="MuiButtonBase-root MuiTab-root MuiTab-textColorPrimary filter-tab css-1h9z7r5-MuiButtonBase-root-MuiTab-root"
          role="tab"
          tabindex="-1"
          type="button"
        >
          horror
        </button>
        <button
          aria-selected="false"
          class="MuiButtonBase-root MuiTab-root MuiTab-textColorPrimary filter-tab css-1h9z7r5-MuiButtonBase-root-MuiTab-root"
          role="tab"
          tabindex="-1"
          type="button"
        >
          crime
        </button>
      </div>
      <span
        class="MuiTabs-indicator css-1aquho2-MuiTabs-indicator"
        style="left: 0px; width: 0px;"
      />
    </div>
  </div>
</DocumentFragment>
`;

exports[`Should render components properly: render search panel 1`] = `
<DocumentFragment>
  <div
    class="header"
  >
    <div
      class="header-background"
    />
    <div
      class="logo"
    >
      <span
        class="bold"
      >
        netflix
      </span>
      <span
        class="regular"
      >
        roulette
      </span>
    </div>
    <button
      class="MuiButton-root makeStyles-contained-1 MuiButton-contained MuiButton-containedPrimary MuiButton-sizeMedium MuiButton-containedSizeMedium MuiButtonBase-root add-button css-1c5feuk-MuiButtonBase-root-MuiButton-root"
      tabindex="0"
      type="button"
    >
      + ADD MOVIE
      <span
        class="MuiTouchRipple-root css-8je8zh-MuiTouchRipple-root"
      />
    </button>
    <div
      class="header-center"
    >
      <h1
        class="heading"
      >
        FIND YOUR MOVIE
      </h1>
      <div
        class="search"
      >
        <div
          class="MuiFormControl-root MuiTextField-root search-field css-1u3bzj6-MuiFormControl-root-MuiTextField-root"
        >
          <div
            class="MuiOutlinedInput-root MuiInputBase-root MuiInputBase-colorPrimary MuiInputBase-formControl css-9ddj71-MuiInputBase-root-MuiOutlinedInput-root"
          >
            <input
              aria-invalid="false"
              class="MuiOutlinedInput-input MuiInputBase-input css-1t8l2tu-MuiInputBase-input-MuiOutlinedInput-input"
              placeholder="What do you want to watch?"
              type="text"
              value=""
            />
            <fieldset
              aria-hidden="true"
              class="MuiOutlinedInput-notchedOutline css-1o2jng6-MuiOutlinedInput-notchedOutline"
            >
              <legend
                class="css-1br1jja"
              >
                <span
                  class="notranslate"
                >
                  â€‹
                </span>
              </legend>
            </fieldset>
          </div>
        </div>
        <button
          class="MuiButton-root makeStyles-contained-2 MuiButton-contained MuiButton-containedPrimary MuiButton-sizeMedium MuiButton-containedSizeMedium MuiButtonBase-root css-sghohy-MuiButtonBase-root-MuiButton-root"
          height="56px"
          tabindex="0"
          type="button"
          width="232px"
        >
          SEARCH
          <span
            class="MuiTouchRipple-root css-8je8zh-MuiTouchRipple-root"
          />
        </button>
      </div>
    </div>
  </div>
</DocumentFragment>
`;
